// Jest Snapshot v1, https://goo.gl/fbAQLP

exports[`<App / > should be able to render files row 1`] = `
<div>
  <header
    class="container-fluid"
  >
    <div
      class="py-1 text-white row"
      style="background: rgb(255, 102, 102);"
    >
      <h1>
        React Test App
      </h1>
    </div>
  </header>
  <div
    class="my-5 container"
  >
    <div
      class="justify-content-center row"
    >
      <div
        class="table-responsive"
      >
        <table
          class="table table-striped table-bordered table-hover"
        >
          <thead>
            <tr>
              <th>
                File Name
              </th>
              <th>
                Text
              </th>
              <th>
                Number
              </th>
              <th>
                Hex
              </th>
            </tr>
          </thead>
          <tbody>
            <tr>
              <td>
                test2.csv
              </td>
              <td>
                SvmswXgsimrFzYuiiQrsGIyQ
              </td>
              <td>
                315144
              </td>
              <td>
                b53f24e6812e8a1d74bcc9159cfb8c19
              </td>
            </tr>
          </tbody>
        </table>
      </div>
    </div>
  </div>
</div>
`;
